npm warn Unknown env config "http-proxy". This will stop working in the next major version of npm.

> techno-minds-platform@67.8.5 test
> node scripts/verify.js && node scripts/payment-domain.test.js && node scripts/curriculum-v61.test.js && node --test scripts/admin-session-v6784.test.js scripts/admin-only-security.test.js scripts/learning-delivery-v633.test.js scripts/academic-workflow-v62.test.js scripts/exam-workflow-v621.test.js scripts/homework-workflow-v622.test.js scripts/platform-workflow-v623.test.js scripts/live-audit-v625.test.js scripts/visibility-workflow-v626.test.js scripts/performance-delivery-v627.test.js scripts/booking-homework-v628.test.js scripts/unified-access-v629.test.js scripts/platform-v63.behavior.test.js scripts/final-regression-v634.test.js scripts/admin-experience-v636.test.js scripts/operations-workspace-v637.test.js scripts/platform-recovery-v638.test.js scripts/student-reliability-v640.test.js scripts/platform-v641.test.js scripts/learning-hub-v670.test.js scripts/mobile-refactor-v671.test.js scripts/assessment-ux-v672.test.js scripts/admin-redesign-v673.test.js scripts/admin-dashboard-v674.test.js scripts/admin-simplified-v675.test.js scripts/mobile-design-v675.test.js scripts/contrast-exam-v676.test.js scripts/lecture-drive-v677.test.js scripts/exam-load-question-bank-v678.test.js scripts/backend-compatibility-v6781.test.js scripts/navigation-buttons-v6781.test.js scripts/resilience-routes-v6782.test.js scripts/exam-correction-motivation-v6783.test.js scripts/review.domain.test.js scripts/review.service-worker.test.js

✓ Required files exist
✓ JavaScript syntax checks passed
✓ JSON files are valid
✓ HTML IDs and local references passed
✓ Unified V61.1 design is loaded by all 16 HTML pages
✓ Public, portal, admin and dark-mode design coverage passed
✓ All 112 inline action handlers are defined
✓ App Check and reCAPTCHA are fully removed
✓ Public forms use secure Cloud Functions and collection storage
✓ Secure callable, exam, backup, and safe-delete checks passed
✓ Admin performance safeguards passed
✓ Firestore security and assistant-permission checks passed
✓ Android and iPhone PWA installation checks passed
✓ Academic-year, export, error-monitoring, and center-subscription checks passed
✓ Monthly payment ledger, migration, cashbox, and student history checks passed
✓ Grade assignments and secure student submission checks passed
✓ Background booking Push and token lifecycle checks passed
✓ Resumable Windows, hosting-only, and post-deployment scripts passed

All verification checks passed.
✓ Monthly payment full/partial/cancellation calculations passed
✓ Curriculum V61 security, migration and client bindings passed
✔ scheduled homework remains hidden until its release time (1.701595ms)
✔ groups and learning content match the same normalized academic scope (0.892114ms)
✔ student and admin bundles contain the complete transfer and warning workflow (11.417451ms)
✔ the focused admin stylesheet is isolated and loaded last (1.941629ms)
✔ dashboard shell adds context without removing commands or routes (12.92386ms)
✔ admin design covers desktop, dark mode and mobile hierarchy (0.471904ms)
✔ release metadata is synchronized at 67.8.5 (4.053839ms)
✔ admin navigation keeps every operational service and exposes maintenance safely (3.554153ms)
✔ academic workspace context is session-only and drives year term and month (4.120046ms)
✔ content targeting previews exact active audience before save (0.745718ms)
✔ curriculum UI does not duplicate operational homework and exam delivery (1.037217ms)
✔ student editor waits for cloud success and keeps values on failure (0.461609ms)
✔ student portal keeps essential tabs without a more menu and shows motivation (3.513604ms)
✔ attendance persists one record per class date and reads legacy identities (5.662288ms)
✔ advanced admin workflows are server-backed, realtime and auditable (3.887053ms)
✔ student and parent portals refresh in place and expose monthly alerts (1.638603ms)
✔ admin preview asset and cache use the current release (0.633362ms)
✔ all server-side administrative authorization requires the verified Admin claim and profile (5.29698ms)
✔ Firestore and Storage resolve every legacy staff helper to the single Admin (0.306932ms)
✔ the browser verifies claims and observes token revocation without duplicate refreshes (2.985756ms)
✔ admin redesign keeps every existing section and assigns each to one group (3.278958ms)
✔ admin sidebar provides searchable accessible navigation without changing routes (1.472989ms)
✔ navy and gold identity covers public pages, administration, dark mode and phones (0.647533ms)
✔ release metadata is synchronized at 67.8.5 (2.100973ms)
✔ staff profile checks reuse the verified Firebase token without a forced refresh (2.178497ms)
✔ a temporary session refresh failure keeps the current admin workspace open (4.28547ms)
✔ opening exam details and edit mode remain local UI actions (1.130044ms)
✔ the token observer cannot race the explicit sign-in profile check (3.135657ms)
✔ simplified navigation keeps the daily tools visible and every other tool accessible (2.524877ms)
✔ search reveals matching advanced tools without expanding the default menu permanently (1.401283ms)
✔ the simpler dashboard reduces decoration while retaining status and shortcuts (1.522993ms)
✔ exam exposes a usable question map with answered current and review states (2.958897ms)
✔ students may skip a question and final submission still opens the first missing answer (1.717269ms)
✔ exam reports connectivity and retries draft synchronization after reconnecting (2.994319ms)
✔ long homework uses one-question steps progress and missing-answer navigation (3.399495ms)
✔ homework drafts have a short retention period and a shared-device clear action (5.12082ms)
✔ release metadata stays synchronized after the assessment UX release (1.843154ms)
✔ portal compatibility follows the API schema instead of the deployment release (1.743738ms)
✔ every secure portal page requests a fresh firebase sync bundle (1.247257ms)
✔ release and service-worker cache versions are synchronized (0.768121ms)
✔ Arabic student names are normalized consistently (2.063819ms)
✔ existing code recovery requires a saved phone match (0.580294ms)
✔ booking is deduplicated atomically and returns the existing code (5.853378ms)
✔ homework correction is server-only and cannot bypass audit rules (6.4998ms)
✔ duplicate recovery and homework correction are touch friendly (0.464133ms)
✔ every delivered page loads the final readable theme after the legacy design (3.63346ms)
✔ light and dark themes have explicit readable tokens and isolated exam colors (1.07318ms)
✔ teacher encouragement is saved, returned securely and rendered escaped to students (9.380872ms)
✔ routes and first-load assets keep non-blocking and cache-safe behavior (2.66947ms)
✔ grading dialog has one bounded touch-scroll surface on desktop and mobile (2.332154ms)
✔ automatic and previously reviewed exams stay editable after the exam closes (4.193014ms)
✔ assessment changes invalidate ranking and any locked parent monthly report (11.809268ms)
✔ leaderboard deduplicates exam sources and exposes exam and homework scores (2.470017ms)
✔ monthly parent report keeps one current exam result and the latest corrected score (2.783058ms)
✔ classroom exam traffic is isolated per student and supports a shared network (3.902285ms)
✔ exam and homework grades refresh and contribute to monthly motivation (2.667538ms)
✔ question banks accept written questions or PDFs and remain student-targeted (8.186744ms)
✔ the official site logo has a real alpha channel and is used by the PWA (0.696846ms)
✔ weighted exam grading is calculated out of the configured question marks (2.760464ms)
✔ exam builder supports mcq true-false essay and code questions (1.666914ms)
✔ student correction privacy and admin attendance filters are present (2.065611ms)
✔ homework supports the same four answer modes (2.979367ms)
✔ multiline code questions preserve the full prompt and whitespace (4.480908ms)
✔ parent report derives required and graded states from assignments plus submissions (3.590166ms)
✔ portal navigation never adds a student code and legacy code queries are cleaned (5.016717ms)
✔ service worker excludes every portal page and any query URL from cache writes (0.403964ms)
✔ mobile homework correction binds the tapped button and remains server confirmed (5.92243ms)
✔ homework correction updates only the affected card instead of rebuilding the full section (0.792357ms)
✔ admin shows only the current homework submissions while preserving historical filtering (5.317811ms)
✔ admin exam workspace hides student data until one isolated exam is opened (0.797224ms)
✔ lesson homework builder supports multiple weighted question types (2.184777ms)
✔ secure homework submission grades automatic answers and protects manual review (1.269159ms)
✔ student sees lesson metadata and an immutable submitted state (0.986843ms)
✔ Firebase authentication CSP allows official Google API scripts and frames (0.415782ms)
✔ the assignments navigation opens an interactive builder without PDF (0.866416ms)
✔ a graded homework is the source for grades, last grade and homework average (2.209023ms)
✔ homework locks reject a second submission and reveal only wrong answers after grading (0.627023ms)
✔ exam correction is server-only and updates the canonical student attempt summary (2.348678ms)
✔ the portal returns the full bounded assignment history and renders incremental groups (3.525741ms)
✔ graded homework exposes a model answer only for answers that need correction (1.718179ms)
✔ ungraded homework never exposes an answer key (0.304899ms)
✔ student experience includes corrections, lecture progress, filtering and continue flow (3.544119ms)
✔ admin manages theory lectures as one unit with safe lifecycle and analytics (4.826657ms)
✔ V67 assets and cache are wired into source and build checks (0.744676ms)
✔ exam question stage is the single vertical scroll area on laptop and mobile (2.393223ms)
✔ every exam question change resets the inner stage instead of the locked page (3.14398ms)
✔ homework navigation reveals the active question without clipping the form (2.325564ms)
✔ practical and theory lecture forms both accept one Drive link per lecture (0.990579ms)
✔ a practical lecture may use a Drive link, a file, or both and old lectures stay editable (1.472829ms)
✔ only safe Google Drive links pass from administration to the student response (3.293249ms)
✔ students receive separate Drive and attachment actions on readable mobile cards (2.423388ms)
✔ release metadata and cache invalidate the previous lecture UI (1.081102ms)
✔ first secondary leaderboard uses the canonical track and keeps legacy backend compatibility (2.155084ms)
✔ student resource and exam pages show a code error instead of a disabled-service error (1.15454ms)
✔ public pages expose canonical and social metadata (0.942508ms)
✔ booking controls and AI discovery file are accessible (0.689726ms)
✔ the platform has one final mobile-first layer with safe touch targets (1.359061ms)
✔ home, portals and resources keep their content in clearer phone layouts (0.374612ms)
✔ exam and homework controls stay reachable across phone orientations (0.37347ms)
✔ mobile administration exposes daily work first without removing advanced tools (1.748484ms)
✔ phone navigation remains in the DOM and above floating tools (1.854841ms)
✔ exam dialog adapts to the visual viewport and restores keyboard focus (1.312462ms)
✔ student portal rerendering is centralized and homework keeps its active tab (0.927866ms)
✔ release build normalizes immutable asset versions and keeps heavy QR code lazy (0.24483ms)
✔ health status reflects the usable default code runner without claiming a live probe (1.748614ms)
✔ all local page, asset and fragment routes resolve (28.225069ms)
✔ every literal button has an explicit safe type (8.367941ms)
✔ public forms have submit controls and field validation (1.137515ms)
✔ Firebase and Vercel expose the same critical API routes (0.357346ms)
✔ buttons acknowledge immediately and local navigation is prefetched (2.986648ms)
✔ daily operations workspace is server backed and loaded only in admin (7.945459ms)
✔ class sessions link attendance and practical records without replacing legacy dates (5.362596ms)
✔ student profile includes private notes and strict monthly date filtering (4.884683ms)
✔ student cards and unified profile use exam and homework results without duplicate grade sources (2.068385ms)
✔ operations center paints local data immediately and reuses a short server cache (0.344537ms)
✔ operations queries have matching composite indexes and compact mobile layout (0.569619ms)
✔ opened homework files expose safe edit publish stop and archive controls (1.167589ms)
✔ immutable schedule ids keep content visible after a group rename (1.732321ms)
✔ legacy datetime-local values are interpreted in Egypt time (25.735072ms)
✔ exam, homework and resource saves update one document and lock targeting (1.193347ms)
✔ student delivery uses targeted queries instead of capped full scans (4.216228ms)
✔ admin navigation yields a paint before heavy section rendering and icons are not rewritten (2.787815ms)
✔ assessment filters isolate an explicitly opened exam and grading updates only affected rows (5.672822ms)
✔ archive and delete actions acknowledge the tap before waiting for Firebase (0.722074ms)
✔ refresh, admin curriculum and requested visual fixes are part of the release (1.079159ms)
✔ Firebase functions use the recovery entrypoint without dropping existing exports (0.861999ms)
✔ all backup entrypoints share the same recursive schema (2.873231ms)
✔ archive restore is admin-only and limited to exams and homework (0.222538ms)
✔ legacy exam repair creates a safety backup and leaves structured exams untouched (0.168398ms)
✔ admin recovery loads unordered legacy content and exposes safe remove and restore controls (0.262146ms)
✔ first homework submission succeeds and a second submission is rejected (2.226268ms)
✔ two simultaneous tabs atomically create one immutable attempt (0.33936ms)
✔ a teacher grant opens exactly one additional attempt (0.48204ms)
✔ public homework response waits for grading and then reveals only incorrect model answers (0.602778ms)
✔ 8 out of 10 is displayed as 80 percent and unified results deduplicate sources (0.558762ms)
✔ homework compliance uses required assignment ids, not attendance days (10.338682ms)
✔ overall result weights are configurable (0.361072ms)
✔ one-day groups are valid in Africa/Cairo attendance logic (8.097013ms)
✔ student UI locks the form and has no resubmission action (1.564634ms)
✔ server preserves homework grades from student writes and keeps review history (1.380533ms)
✔ security rules close student data, attendance and operational collections (1.110535ms)
✔ exam add/edit state resets ids and content updates are versioned (1.557493ms)
✔ pagination is ordered, bounded and content deletion is archival (2.355378ms)
✔ service worker never caches portal URLs carrying access codes (0.17022ms)
✔ teacher schedules are interpreted and displayed in Cairo timezone (3.016732ms)
✔ hidden true-false options never remain required (1.941709ms)
✔ background record hydration preserves open admin editors (1.162762ms)
✔ monthly report separates academic level from study commitment and lists missing homework (18.873415ms)
✔ monthly trend reports improvement decline and insufficient data honestly (0.281594ms)
✔ two consecutive absences warn the teacher and appear in the parent report without duplicate sessions (2.714167ms)
✔ server owns complete monthly reports and prepares previous month automatically (3.94614ms)
✔ redesign shares a parent report image to the saved parent phone and hides archived exams (5.074983ms)
✔ new students only receive homework and exams published after joining (2.304092ms)
✔ mobile exams and homework stay inside the iPhone viewport (2.135565ms)
✔ exam timer uses Cairo time and locks answers after expiry with safe retry (1.421383ms)
✔ a newly enrolled student receives currently open class assessments (1.020453ms)
✔ leaderboard keeps the latest active month visible at a month boundary (2.952287ms)
✔ monthly motivation is configurable, comparative, archived and included in parent reports (2.46546ms)
✔ live audit fixes health GET contrast and first paint (1.072829ms)
✔ finished class exams register missing students as absent in admin and parent reports (2.647659ms)
✔ QR attendance survives offline use and syncs idempotently after reconnect (2.591626ms)
✔ mobile admin navigation remains visible with full-size touch targets (0.239212ms)
✔ teacher login keeps one password reset action (0.358899ms)
✔ teacher exam and homework builders auto-save and restore local drafts (0.436362ms)
✔ Drive links are integrated into targeted theoretical lectures and legacy links remain visible (3.003593ms)
✔ lectures stay directly accessible, targeted, and visible in the student dashboard (3.439795ms)
✔ homework and exams are interactive while PDF remains lecture-only (0.675615ms)
✔ admin reports homework completion and QR attendance keeps schedule metadata without blocking other days (1.349056ms)
✔ student code can resolve the parent portal and legacy grade naming stays compatible (2.183345ms)
✔ pending booking code opens the student portal while learning actions stay locked (2.758983ms)
✔ release, theme bootstrap and transparent logo stay synchronized (2.671273ms)
✔ Vercel uses bounded direct callables before its slower proxy fallback (1.083705ms)
✔ exam entry functions scale without reserved instances and remain retry-safe (2.406573ms)
✔ Firebase and Vercel route maps resolve to exported functions (3.992379ms)
✔ mobile exam and homework content retain a real scroll surface (0.526516ms)
✔ exam and homework grades remain connected to monthly motivation (0.40713ms)
✔ old restore keeps omitted collections; incomplete or foreign payload is rejected before mutation (1.955459ms)
✔ nested legacy progress events are planned without changing document IDs (0.250599ms)
✔ ledger totals include 1201 students and 610 summaries without depending on the UI page (18.256702ms)
✔ latest exam attempt is one exam; pending score is not zero and manual notes stay private (1.067041ms)
✔ different maximum marks are normalized before averaging; zero remains a real grade (0.291559ms)
✔ new join, excused absence, cancellation and transfer use actual session membership (9.133949ms)
✔ empty month, unrecorded session and lecture opening cannot manufacture achievement (0.474268ms)
✔ Cairo month handles UTC midnight boundary in summer and winter (0.248766ms)
✔ untrusted forwarded header cannot choose rate-limit identity (0.866015ms)
✔ cancelled-only calendar does not count a retained attendance record as entitlement (0.440308ms)
✔ versioned cached assets avoid network; API responses do not enter asset cache (3.953521ms)
✔ waiting service-worker update cannot auto-activate over an open workflow (1.707604ms)
✔ service worker has one valid release cache and offline assessment shells (0.999261ms)
✔ homework drafts survive refresh and clear only after confirmed submission (1.505977ms)
✔ exam progress is server timed, resumable, idempotent and auto-submits once (3.094447ms)
✔ homework grade is separate from submission in monthly motivation and parent report is complete (3.473264ms)
✔ theory lectures are independently uploaded, targeted and displayed (2.639266ms)
✔ new and existing students use one code for both portals (2.466471ms)
✔ legacy codes migrate only through authenticated server functions (1.462793ms)
✔ rules and admin UI enforce and present the unified code (1.151155ms)
✔ all static routes and Vercel API rewrites point to existing targets (0.551162ms)
✔ the platform exposes only the four requested academic tracks (2.607238ms)
✔ legacy grade spellings resolve to the new tracks (0.242578ms)
✔ exam and homework targeting use the same normalized scope (1.692131ms)
✔ mobile and admin entry pages keep responsive viewport and navigation coverage (2.109726ms)
✔ admin exam and homework forms prevent a grade/group targeting conflict (2.080995ms)
ℹ tests 202
ℹ suites 0
ℹ pass 202
ℹ fail 0
ℹ cancelled 0
ℹ skipped 0
ℹ todo 0
ℹ duration_ms 594.917902
